
> @mad/admin@1.0.0 prebuild
> rm -rf .next


> @mad/admin@1.0.0 build
> next build

   ▲ Next.js 15.5.18
   - Environments: .env.local

   Creating an optimized production build ...
 ✓ (pwa) Compiling for server...
 ✓ (pwa) Compiling for server...
 ✓ (pwa) Compiling for client (static)...
 ○ (pwa) Service worker: /Users/admin/Desktop/MAD Entertrainment/apps/admin/public/sw.js
 ○ (pwa)   URL: /sw.js
 ○ (pwa)   Scope: /
 ✓ Compiled successfully in 8.8s
   Linting and checking validity of types ...

 ⚠ The Next.js plugin was not detected in your ESLint configuration. See https://nextjs.org/docs/app/api-reference/config/eslint#migrating-existing-config
   Collecting page data ...
   Generating static pages (0/24) ...
   Generating static pages (6/24) 
   Generating static pages (12/24) 
   Generating static pages (18/24) 
 ✓ Generating static pages (24/24)
   Finalizing page optimization ...
   Collecting build traces ...

Route (app)                                 Size  First Load JS
┌ ○ /                                      354 B         106 kB
├ ○ /_not-found                             1 kB         106 kB
├ ○ /analytics                            107 kB         244 kB
├ ○ /artists                             6.72 kB         182 kB
├ ƒ /artists/[id]/edit                   2.81 kB         179 kB
├ ○ /artists/new                         2.52 kB         174 kB
├ ○ /bookings                            3.74 kB         179 kB
├ ○ /coupons                             6.79 kB         182 kB
├ ƒ /coupons/[id]/edit                   6.18 kB         178 kB
├ ○ /coupons/new                         5.88 kB         178 kB
├ ○ /dashboard                           2.97 kB         178 kB
├ ○ /dj-operators                        6.71 kB         182 kB
├ ƒ /dj-operators/[id]/edit              2.72 kB         179 kB
├ ○ /dj-operators/new                    2.45 kB         173 kB
├ ○ /events                              7.04 kB         182 kB
├ ○ /events/new                          3.24 kB         174 kB
├ ○ /login                               3.87 kB         167 kB
├ ○ /notifications                       4.54 kB         141 kB
├ ○ /popups                               6.5 kB         182 kB
├ ƒ /popups/[id]/edit                     2.9 kB         179 kB
├ ○ /popups/new                          2.56 kB         174 kB
├ ○ /refunds                             3.32 kB         179 kB
├ ○ /scanner                             6.62 kB         179 kB
├ ○ /team                                6.88 kB         179 kB
├ ○ /venues                              6.87 kB         182 kB
├ ƒ /venues/[id]/edit                    3.11 kB         180 kB
└ ○ /venues/new                          2.71 kB         174 kB
+ First Load JS shared by all             105 kB
  ├ chunks/8626-e647b2afcfdd5456.js        49 kB
  ├ chunks/87c73c54-09e1ba5c70e60a51.js  54.2 kB
  └ other shared chunks (total)          1.97 kB


○  (Static)   prerendered as static content
ƒ  (Dynamic)  server-rendered on demand

